----------------------------------------------------------------
-Pin Report - Date: Thu Jul 25 10:39:59 2024 Pinchecksum: NOT-AVAILABLE
-Product: Designer
-Release: v2024.1
-Version: 2024.1.0.3
-Design Name: top
-Family: PolarFireSoC
-Die: MPFS095T
-Package: FCSG325
-----------------------------------------------------------------

Number |Port        |Function                                               |State         |I/O Std  |Direction |Used I/O Reg |User I/O Lock Down |Clamp Diode |Resistor Pull |Use I/O Calibration from the lane |Schmitt Trigger |Vcm Input Range |On Die Termination |Odt Value (Ohm) |Input Delay |Slew |Output Drive (mA) |Impedance (ohm) |Output Load (pF) |Source Termination (Ohm) |Output Delay |
-------|------------|-------------------------------------------------------|--------------|---------|----------|-------------|-------------------|------------|--------------|----------------------------------|----------------|----------------|-------------------|----------------|------------|-----|------------------|----------------|-----------------|-------------------------|-------------|
A1                   VSS                                                     Reserved       
A2                   MSSIO26B2                                               Special        
A3                   MSSIO28B2                                               Special        
A4                   MSSIO32B2                                               Special        
A5                   SDO                                                     Reserved       
A6                   VSS                                                     Reserved       
A7      atdo         TDO                                                     Dedicated      
A8      atck         TCK                                                     Dedicated      
A9      atdi         TDI                                                     Dedicated      
A10                  GPIO121NB1                                              Unassigned     
A11                  VDDI1                                                   Reserved       
A12                  GPIO125PB1/CLKIN_S_3/CCC_SW_CLKIN_S_3                   Unassigned     
A13                  GPIO127PB1                                              Unassigned     
A14                  GPIO127NB1                                              Unassigned     
A15                  GPIO131PB1                                              Unassigned     
A16                  VSS                                                     Reserved       
A17                  GPIO1PB1/CLKIN_S_5                                      Unassigned     
A18                  GPIO3NB1                                                Unassigned     
A19                  GPIO3PB1/CLKIN_S_6                                      Unassigned     
A20                  GPIO5PB1/CLKIN_S_7                                      Unassigned     
A21                  VSS                                                     Reserved       
AA1                  VSS                                                     Reserved       
AA2                  MSS_DDR_A11                                             Special        
AA3                  MSS_DDR_BA0                                             Special        
AA4                  MSS_DDR_A16                                             Special        
AA5                  MSS_DDR_A4                                              Special        
AA6                  VSS                                                     Reserved       
AA7                  MSS_DDR_CK_N0                                           Special        
AA8                  MSS_DDR_A3                                              Special        
AA9                  MSS_DDR_DQ2                                             Special        
AA10                 MSS_DDR_DQS_P0                                          Special        
AA11                 VSS                                                     Reserved       
AA12                 MSS_DDR_DQ10                                            Special        
AA13                 MSS_DDR_DQ12                                            Special        
AA14                 MSS_DDR_DQ13                                            Special        
AA15                 HSIO76NB0                                               Unassigned     
AA16                 VSS                                                     Reserved       
AA17                 HSIO69PB0/DQS/CCC_NW_PLL0_OUT0                          Unassigned     
AA18                 HSIO69NB0/DQS                                           Unassigned     
AA19    rstn         HSIO67NB0                                               Fixed          LVCMOS18  Input      None          No                  ON           Up             No                                 OFF              ---              OFF                 120              OFF          ---   ---                ---              ---               ---                       ---           
AA20                 HSIO66NB0                                               Unassigned     
AA21                 VSS                                                     Reserved       
B1                   MSSIO27B2                                               Special        
B2                   MSSIO34B2                                               Special        
B3                   VDDI2                                                   Reserved       
B4                   MSSIO33B2                                               Special        
B5                   MSSIO29B2                                               Special        
B6                   SS                                                      Reserved       
B7      atms         TMS                                                     Dedicated      
B8                   VDDI1                                                   Reserved       
B9      atrstb       TRSTB                                                   Dedicated      
B10                  GPIO121PB1/CCC_SW_CLKIN_S_1                             Unassigned     
B11                  GPIO122NB1/DQS                                          Unassigned     
B12                  GPIO125NB1                                              Unassigned     
B13                  VDDI1                                                   Reserved       
B14                  GPIO129PB1/CCC_SW_PLL0_OUT0                             Unassigned     
B15                  GPIO129NB1                                              Unassigned     
B16                  GPIO131NB1                                              Unassigned     
B17                  GPIO1NB1                                                Unassigned     
B18                  VDDI1                                                   Reserved       
B19                  GPIO0PB1/CLKIN_S_4                                      Unassigned     
B20                  GPIO0NB1                                                Unassigned     
B21                  GPIO5NB1                                                Unassigned     
C1                   MSSIO37B2                                               Special        
C2                   MSSIO35B2                                               Special        
C6                   SCK                                                     Reserved       
C11                  GPIO122PB1/DQS/CCC_SW_PLL1_OUT0                         Unassigned     
C16                  GPIO130NB1                                              Unassigned     
C20                  GPIO4NB1/LPRB_B                                         User Reserved  
C21                  GPIO4PB1/LPRB_A                                         User Reserved  
D1                   MSSIO36B2                                               Special        
D2                   VDDI2                                                   Reserved       
D4                   VSS                                                     Reserved       
D5                   MSSIO31B2                                               Special        
D6                   MSSIO30B2                                               Special        
D7                   VSS                                                     Reserved       
D8                   SDI                                                     Reserved       
D9                   VSS                                                     Reserved       
D10                  VDDI1                                                   Reserved       
D11                  GPIO124PB1/CCC_SW_PLL1_OUT1                             Unassigned     
D12                  GPIO124NB1                                              Unassigned     
D13                  GPIO128PB1/DQS/CCC_SW_PLL0_OUT0                         Unassigned     
D14                  VSS                                                     Reserved       
D15                  GPIO130PB1/CCC_SW_PLL0_OUT1                             Unassigned     
D16                  GPIO9NB1                                                Unassigned     
D17                  GPIO2NB1/DQS                                            Unassigned     
D18                  GPIO2PB1/DQS                                            Unassigned     
D20                  VDDI1                                                   Reserved       
D21                  GPIO11PB1/CLKIN_S_9/CCC_SE_CLKIN_S_9                    Unassigned     
E1                   MSSIO23B2                                               Special        
E2                   MSSIO22B2                                               Special        
E4                   MSSIO24B2                                               Special        
E5                   MSSIO21B2                                               Special        
E6                   MSSIO25B2                                               Special        
E7                   VDDI3                                                   Reserved       
E8                   DEVRST_N                                                Reserved       
E9                   IO_CFG_INTF                                             Reserved       
E10                  GPIO120PB1/CCC_SW_CLKIN_S_0                             Unassigned     
E11                  GPIO120NB1                                              Unassigned     
E12                  GPIO123PB1/CLKIN_S_2/CCC_SW_CLKIN_S_2/CCC_SW_PLL1_OUT0  Unassigned     
E13                  GPIO128NB1/DQS                                          Unassigned     
E14                  GPIO126NB1                                              Unassigned     
E15                  GPIO126PB1                                              Unassigned     
E16                  VDDI1                                                   Reserved       
E17                  GPIO9PB1/CLKIN_S_8/CCC_SE_CLKIN_S_8/CCC_SE_PLL0_OUT0    Unassigned     
E18                  GPIO16NB1                                               Unassigned     
E20                  GPIO15NB1                                               Unassigned     
E21                  GPIO11NB1                                               Unassigned     
F1                   VSS                                                     Reserved       
F2                   MSSIO19B2                                               Special        
F3                   MSSIO14B2                                               Special        
F4                   MSSIO20B2                                               Special        
F5                   VDDAUX2                                                 Reserved       
F17                  VDDAUX1                                                 Reserved       
F18                  GPIO16PB1/CCC_SE_PLL1_OUT1                              Unassigned     
F19                  GPIO15PB1/CCC_SE_CLKIN_S_10/CCC_SE_PLL1_OUT0            Unassigned     
F20                  GPIO17PB1/CCC_SE_CLKIN_S_11                             Unassigned     
F21                  GPIO17NB1                                               Unassigned     
G1                   MSSIO18B2                                               Special        
G2                   MSSIO15B2                                               Special        
G4                   VDDAUX2                                                 Reserved       
G5                   MSSIO17B2                                               Special        
G7                   VDD25                                                   Reserved       
G8                   VDDI3                                                   Reserved       
G9                   FF_EXIT_N                                               Reserved       
G10                  SPI_EN                                                  Reserved       
G11                  VDDAUX1                                                 Reserved       
G12                  GPIO123NB1                                              Unassigned     
G13                  VDDAUX1                                                 Reserved       
G14                  VSS                                                     Reserved       
G15                  VDDI1                                                   Reserved       
G17                  GPIO14PB1/DQS/CCC_SE_PLL1_OUT0                          Unassigned     
G18                  GPIO14NB1/DQS                                           Unassigned     
G20                  XCVR_VREF                                               Reserved       
G21                  VSS                                                     Reserved       
H1                   MSSIO10B4                                               Special        
H2                   MSSIO7B4                                                Special        
H4                   MSSIO16B2                                               Special        
H5                   VDDI2                                                   Reserved       
H7                   VSS                                                     Reserved       
H15                  VDD25                                                   Reserved       
H17                  VSS                                                     Reserved       
H18                  XCVR_VREF                                               Reserved       
H20                  XCVR_0_TX0_N                                            Reserved       
H21                  XCVR_0_TX0_P                                            Reserved       
J1                   MSSIO13B4                                               Special        
J2                   VDDI4                                                   Reserved       
J4                   VSS                                                     Reserved       
J5                   VDDAUX4                                                 Reserved       
J7                   VDDAUX4                                                 Reserved       
J9                   VSS                                                     Reserved       
J10                  VDD                                                     Reserved       
J11                  VSS                                                     Reserved       
J12                  VDD                                                     Reserved       
J13                  VSS                                                     Reserved       
J15                  VSS                                                     Reserved       
J17                  XCVR_0A_REFCLK_N                                        Reserved       
J18                  XCVR_0A_REFCLK_P                                        Reserved       
J20                  VDDA                                                    Reserved       
J21                  VSS                                                     Reserved       
K1                   MSSIO3B4                                                Special        
K2                   MSSIO6B4                                                Special        
K4                   MSSIO11B4                                               Special        
K5                   MSSIO12B4                                               Special        
K7                   MSSIO9B4                                                Special        
K9                   VDD                                                     Reserved       
K10                  VSS                                                     Reserved       
K11                  VDD                                                     Reserved       
K12                  VSS                                                     Reserved       
K13                  VDD                                                     Reserved       
K15                  VDD                                                     Reserved       
K17                  VDD_XCVR_CLK                                            Reserved       
K18                  VSS                                                     Reserved       
K20                  XCVR_0_RX0_N                                            Reserved       
K21                  XCVR_0_RX0_P                                            Reserved       
L1                   VSS                                                     Reserved       
L2                   MSSIO0B4                                                Special        
L3                   MSSIO2B4                                                Special        
L4                   VDDI4                                                   Reserved       
L5                   MSSIO5B4                                                Special        
L7                   MSSIO8B4                                                Special        
L9                   VSS                                                     Reserved       
L10                  VDD                                                     Reserved       
L11                  VSS                                                     Reserved       
L12                  VDD                                                     Reserved       
L13                  VSS                                                     Reserved       
L15                  VSS                                                     Reserved       
L17                  VDDA25                                                  Reserved       
L18                  VDDA                                                    Reserved       
L19                  VDDA25                                                  Reserved       
L20                  VDDA                                                    Reserved       
L21                  VSS                                                     Reserved       
M1                   MSS_SGMII_RXN0                                          Special        
M2                   MSS_SGMII_RXP0                                          Special        
M4                   MSSIO1B4                                                Special        
M5                   MSSIO4B4                                                Special        
M7                   VDDI5                                                   Reserved       
M9                   VDD                                                     Reserved       
M10                  VSS                                                     Reserved       
M11                  VDD                                                     Reserved       
M12                  VSS                                                     Reserved       
M13                  VDD                                                     Reserved       
M15                  VDD                                                     Reserved       
M17                  VDD_XCVR_CLK                                            Reserved       
M18                  VSS                                                     Reserved       
M20                  XCVR_0_TX2_N                                            Reserved       
M21                  XCVR_0_TX2_P                                            Reserved       
N1                   MSS_SGMII_TXP1                                          Special        
N2                   VDDI5                                                   Reserved       
N4                   VSS                                                     Reserved       
N5                   MSS_SGMII_TXN0                                          Special        
N7                   MSS_SGMII_TXP0                                          Special        
N9                   VSS                                                     Reserved       
N10                  VDD                                                     Reserved       
N11                  VSS                                                     Reserved       
N12                  VDD                                                     Reserved       
N13                  VSS                                                     Reserved       
N15                  VSS                                                     Reserved       
N17                  XCVR_0B_REFCLK_N                                        Reserved       
N18                  XCVR_0B_REFCLK_P                                        Reserved       
N20                  VDDA                                                    Reserved       
N21                  VSS                                                     Reserved       
P1                   MSS_SGMII_TXN1                                          Special        
P2                   MSS_SGMII_RXP1                                          Special        
P4                   MSS_REFCLK_IN_N                                         Special        
P5                   MSS_REFCLK_IN_P                                         Special        
P7                   VDD18                                                   Reserved       
P15                  VDD18                                                   Reserved       
P17                  VSS                                                     Reserved       
P18                  VSS                                                     Reserved       
P20                  XCVR_0_RX2_N                                            Reserved       
P21                  XCVR_0_RX2_P                                            Reserved       
R1                   MSS_DDR_CKE0                                            Special        
R2                   MSS_SGMII_RXN1                                          Special        
R4                   MSS_DDR_ALERT_N                                         Special        
R5                   VDDI6                                                   Reserved       
R7                   VDD25                                                   Reserved       
R8                   VSS                                                     Reserved       
R9                   MSS_DDR_VREF_IN                                         Special        
R10                  VDD18                                                   Reserved       
R11                  MSS_DDR_DQ5                                             Special        
R12                  VDD18                                                   Reserved       
R13                  MSS_DDR_DQ9                                             Special        
R14                  MSS_DDR_DQ15                                            Special        
R15                  VDD25                                                   Reserved       
R17     valid        HSIO56NB0                                               Fixed          LVCMOS18  Input      None          No                  ON           Up             No                                 OFF              ---              OFF                 120              OFF          ---   ---                ---              ---               ---                       ---           
R18     clk          HSIO56PB0/CLKIN_N_8/CCC_NE_CLKIN_N_8/CCC_NE_PLL1_OUT0   Fixed          LVCMOS18  Input      None          No                  ON           Up             No                                 OFF              ---              OFF                 120              OFF          ---   ---                ---              ---               ---                       ---           
R20                  VSS                                                     Reserved       
R21                  VSS                                                     Reserved       
T1                   VSS                                                     Reserved       
T2                   MSS_DDR_ODT0                                            Special        
T3                   MSS_DDR_RAM_RST_N/DDR_PLL0_OUT1                         Special        
T4                   MSS_DDR_PARITY                                          Special        
T5                   MSS_DDR_ACT_N                                           Special        
T17                  HSIO55PB0/CCC_NE_PLL1_OUT1                              Unassigned     
T18     outBit1      HSIO54PB0/CLKIN_N_9/CCC_NE_CLKIN_N_9                    Fixed          LVCMOS18  Output     None          No                  ON           None           No                                 ---              ---              ---                 120              ---          OFF   8                  ---              5                 ---                       OFF           
T19                  HSIO54NB0                                               Unassigned     
T20                  HSIO50NB0                                               Unassigned     
T21                  HSIO50PB0/CCC_NE_CLKIN_N_10/CCC_NE_PLL0_OUT0            Unassigned     
U1                   MSS_DDR_BG0                                             Special        
U2                   MSS_DDR_BG1                                             Special        
U4                   MSS_DDR_CS0                                             Special        
U5                   MSS_DDR_BA1                                             Special        
U6                   MSS_DDR_A8                                              Special        
U7                   MSS_DDR_A6                                              Special        
U8                   MSS_DDR_A9                                              Special        
U9                   MSS_DDR_DQ4                                             Special        
U10                  MSS_DDR_DQ1                                             Special        
U11                  VDDI6                                                   Reserved       
U12                  MSS_DDR_DQS_N1                                          Special        
U13                  MSS_DDR_DQ8                                             Special        
U14                  MSS_DDR_DQ14                                            Special        
U15                  HSIO75NB0/DQS                                           Unassigned     
U16                  VDDI0                                                   Reserved       
U17     inSwitch[0]  HSIO55NB0                                               Fixed          LVCMOS18  Input      None          No                  ON           Up             No                                 OFF              ---              OFF                 120              OFF          ---   ---                ---              ---               ---                       ---           
U18                  HSIO57NB0/DQS                                           Unassigned     
U20     outBit3      HSIO48NB0                                               Fixed          LVCMOS18  Output     None          No                  ON           None           No                                 ---              ---              ---                 120              ---          OFF   8                  ---              5                 ---                       OFF           
U21     outBit4      HSIO48PB0/CCC_NE_CLKIN_N_11                             Fixed          LVCMOS18  Output     None          No                  ON           None           No                                 ---              ---              ---                 120              ---          OFF   8                  ---              5                 ---                       OFF           
V1                   MSS_DDR_A12                                             Special        
V2                   VDDI6                                                   Reserved       
V4                   VSS                                                     Reserved       
V5                   MSS_DDR3_WE_N                                           Special        
V6                   VDDI6                                                   Reserved       
V7                   MSS_DDR_A7                                              Special        
V8                   MSS_DDR_A2                                              Special        
V9                   VSS                                                     Reserved       
V10                  MSS_DDR_DQ0                                             Special        
V11                  MSS_DDR_DM0                                             Special        
V12                  MSS_DDR_DQS_P1                                          Special        
V13                  MSS_DDR_DM1                                             Special        
V14                  VSS                                                     Reserved       
V15                  HSIO75PB0/DQS/CCC_NW_PLL1_OUT0                          Unassigned     
V16                  HSIO77PB0/CCC_NW_CLKIN_N_0                              Unassigned     
V17     outBit2      HSIO77NB0                                               Fixed          LVCMOS18  Output     None          No                  ON           None           No                                 ---              ---              ---                 120              ---          OFF   8                  ---              5                 ---                       OFF           
V18                  HSIO57PB0/DQS/CCC_NE_PLL1_OUT0                          Unassigned     
V20                  VDDI0                                                   Reserved       
V21                  HSIO68NB0                                               Unassigned     
W1                   MSS_DDR_A13                                             Special        
W2                   MSS_DDR_A15                                             Special        
W6                   MSS_DDR_A0                                              Special        
W11                  MSS_DDR_DQ7                                             Special        
W16                  HSIO73PB0/CCC_NW_PLL1_OUT1                              Unassigned     
W20                  HSIO68PB0/CLKIN_N_4/CCC_NW_PLL0_OUT0                    Unassigned     
W21                  HSIO71NB0                                               Unassigned     
Y1                   VDDI6                                                   Reserved       
Y2                   MSS_DDR_A10                                             Special        
Y3                   MSS_DDR_A14                                             Special        
Y4                   VDDI6                                                   Reserved       
Y5                   MSS_DDR_A5                                              Special        
Y6                   MSS_DDR_A1                                              Special        
Y7                   MSS_DDR_CK0/DDR_PLL0_OUT0                               Special        
Y8                   VDDI6                                                   Reserved       
Y9                   MSS_DDR_DQ3                                             Special        
Y10                  MSS_DDR_DQS_N0                                          Special        
Y11                  MSS_DDR_DQ6                                             Special        
Y12                  MSS_DDR_DQ11                                            Special        
Y13                  VDDI0                                                   Reserved       
Y14                  HSIO76PB0/CCC_NW_CLKIN_N_1                              Unassigned     
Y15                  HSIO74PB0/CLKIN_N_2/CCC_NW_CLKIN_N_2/CCC_NW_PLL1_OUT0   Unassigned     
Y16     inSwitch[1]  HSIO74NB0                                               Fixed          LVCMOS18  Input      None          No                  ON           Up             No                                 OFF              ---              OFF                 120              OFF          ---   ---                ---              ---               ---                       ---           
Y17                  HSIO73NB0                                               Unassigned     
Y18                  VDDI0                                                   Reserved       
Y19                  HSIO67PB0/CCC_NW_PLL0_OUT1                              Unassigned     
Y20                  HSIO66PB0/CLKIN_N_5                                     Unassigned     
Y21                  HSIO71PB0                                               Unassigned     
