----------------------------------------------------------------
-Pin Report - Date: Thu Jul 25 14:25:14 2024 Pinchecksum: NOT-AVAILABLE
-Product: Designer
-Release: v2024.1
-Version: 2024.1.0.3
-Design Name: OLED_interface_synth
-Family: PolarFireSoC
-Die: MPFS095T
-Package: FCSG325
-----------------------------------------------------------------

Port      |Pin  |Fixed |Function                                               |Bank     |I/O Std   |Direction    |Used I/O Reg       |User I/O Lock Down |Clamp Diode   |Resistor Pull                     |Use I/O Calibration from the lane |Schmitt Trigger |Vcm Input Range    |On Die Termination |Odt Value (Ohm) |Input Delay |Slew              |Output Drive (mA) |Impedance (ohm)  |Output Load (pF)         |Source Termination (Ohm) |Output Delay |
----------|-----|------|-------------------------------------------------------|---------|----------|-------------|-------------------|-------------------|--------------|----------------------------------|----------------------------------|----------------|-------------------|-------------------|----------------|------------|------------------|------------------|-----------------|-------------------------|-------------------------|-------------|
CLK100MHZ  R18   Yes    HSIO56PB0/CLKIN_N_8/CCC_NE_CLKIN_N_8/CCC_NE_PLL1_OUT0   Bank0     LVCMOS18   Input         None                No                  ON             Up                                 No                                 OFF              ---                 OFF                 120              OFF          ---                ---                ---               ---                       ---                       ---           
i_Reset    T19   Yes    HSIO54NB0                                               Bank0     LVCMOS18   Input         None                No                  ON             Up                                 No                                 OFF              ---                 OFF                 120              OFF          ---                ---                ---               ---                       ---                       ---           
JA[0]      B15   Yes    GPIO129NB1                                              Bank1     LVCMOS33   Output        None                No                  ON             None                               No                                 ---              ---                 ---                 ---              ---          OFF                8                  ---               5                         ---                       OFF           
JA[1]      A20   Yes    GPIO5PB1/CLKIN_S_7                                      Bank1     LVCMOS33   Output        None                No                  ON             None                               No                                 ---              ---                 ---                 ---              ---          OFF                8                  ---               5                         ---                       OFF           
JA[2]      B21   Yes    GPIO5NB1                                                Bank1     LVCMOS33   Output        None                No                  ON             None                               No                                 ---              ---                 ---                 ---              ---          OFF                8                  ---               5                         ---                       OFF           
JA[3]      G18   Yes    GPIO14NB1/DQS                                           Bank1     LVCMOS33   Output        None                No                  ON             None                               No                                 ---              ---                 ---                 ---              ---          OFF                8                  ---               5                         ---                       OFF           
JA[4]      E12   Yes    GPIO123PB1/CLKIN_S_2/CCC_SW_CLKIN_S_2/CCC_SW_PLL1_OUT0  Bank1     LVCMOS33   Output        None                No                  ON             None                               No                                 ---              ---                 ---                 ---              ---          OFF                8                  ---               5                         ---                       OFF           
JA[5]      B20   Yes    GPIO0NB1                                                Bank1     LVCMOS33   Output        None                No                  ON             None                               No                                 ---              ---                 ---                 ---              ---          OFF                8                  ---               5                         ---                       OFF           
JA[6]      D17   Yes    GPIO2NB1/DQS                                            Bank1     LVCMOS33   Output        None                No                  ON             None                               No                                 ---              ---                 ---                 ---              ---          OFF                8                  ---               5                         ---                       OFF           
JA[7]      D18   Yes    GPIO2PB1/DQS                                            Bank1     LVCMOS33   Output        None                No                  ON             None                               No                                 ---              ---                 ---                 ---              ---          OFF                8                  ---               5                         ---                       OFF           
sw[0]      U17   Yes    HSIO55NB0                                               Bank0     LVCMOS18   Input         None                No                  ON             Up                                 No                                 OFF              ---                 OFF                 120              OFF          ---                ---                ---               ---                       ---                       ---           
sw[1]      Y16   Yes    HSIO74NB0                                               Bank0     LVCMOS18   Input         None                No                  ON             Up                                 No                                 OFF              ---                 OFF                 120              OFF          ---                ---                ---               ---                       ---                       ---           
sw[2]      R17   Yes    HSIO56NB0                                               Bank0     LVCMOS18   Input         None                No                  ON             Up                                 No                                 OFF              ---                 OFF                 120              OFF          ---                ---                ---               ---                       ---                       ---           
sw[3]      AA15  Yes    HSIO76NB0                                               Bank0     LVCMOS18   Input         None                No                  ON             Up                                 No                                 OFF              ---                 OFF                 120              OFF          ---                ---                ---               ---                       ---                       ---           
