Compile Report
Microchip Technology Inc. - Microchip Libero Software Release v2024.1 (Version 2024.1.0.3)
Date: Thu Jul 25 14:24:07 2024

Device Selection
+------------------------+--------------+
| Family                 | PolarFireSoC |
| Device                 | MPFS095T     |
| Package                | FCSG325      |
| Speed Grade            | -1           |
| Core Voltage           | 1.0V         |
| Part Range             | EXT          |
| Default I/O technology | LVCMOS 3.3V  |
+------------------------+--------------+

Source Files
+---------+-------------------------------------------------------------------------------------------------------------------------------------------+
| Topcell | OLED_interface_synth                                                                                                                      |
| Format  | Verilog                                                                                                                                   |
| Source  | /home/ombhilare999/omkar/UofT/summer/summer-ta/ECE532/git_repo/MPFS-Disco-Kit/MPFS_interfaces/oled_try2/synthesis/OLED_interface_synth.vm |
+---------+-------------------------------------------------------------------------------------------------------------------------------------------+

Options
+----------------------------------------------------+----+
| Limit the number of high fanout nets to display to | 10 |
+----------------------------------------------------+----+

Resource Usage
+---------------------------+------+-------+------------+
| Type                      | Used | Total | Percentage |
+---------------------------+------+-------+------------+
| 4LUT                      | 997  | 93516 | 1.07       |
| DFF                       | 565  | 93516 | 0.60       |
| I/O Register              | 0    | 240   | 0.00       |
| User I/O                  | 14   | 80    | 17.50      |
| -- Single-ended I/O       | 14   | 80    | 17.50      |
| -- Differential I/O Pairs | 0    | 40    | 0.00       |
| uSRAM                     | 0    | 876   | 0.00       |
| LSRAM                     | 0    | 308   | 0.00       |
| Math                      | 0    | 292   | 0.00       |
| H-Chip Global             | 2    | 48    | 4.17       |
| PLL                       | 0    | 8     | 0.00       |
| DLL                       | 0    | 8     | 0.00       |
| Transceiver Lanes         | 0    | 2     | 0.00       |
| Transceiver PCIe          | 0    | 2     | 0.00       |
| MSS                       | 0    | 1     | 0.00       |
+---------------------------+------+-------+------------+

Detailed Logic Resource Usage
+-----------------------+------+-----+
| Type                  | 4LUT | DFF |
+-----------------------+------+-----+
| Fabric Logic          | 997  | 565 |
| uSRAM Interface Logic | 0    | 0   |
| LSRAM Interface Logic | 0    | 0   |
| Math Interface Logic  | 0    | 0   |
| Total Used            | 997  | 565 |
+-----------------------+------+-----+

Detailed Carry Chains Resource Usage
+--------+------+
| Length | Used |
| 7      | 1    |
| 20     | 1    |
| 32     | 1    |
| Total  | 3    |
+--------+------+

Detailed 4LUT Groups Resource Usage
+--------+------+
| Length | Used |
| 2      | 24   |
| 5      | 2    |
| Total  | 26   |
+--------+------+

I/O Function
+-------------------------------+--------------+-------------+-----------------+
| Type                          | w/o register | w/ register | w/ DDR register |
+-------------------------------+--------------+-------------+-----------------+
| Input I/O                     | 6            | 0           | 0               |
| Output I/O                    | 8            | 0           | 0               |
| Bidirectional I/O             | 0            | 0           | 0               |
| Differential Input I/O Pairs  | 0            | 0           | 0               |
| Differential Output I/O Pairs | 0            | 0           | 0               |
+-------------------------------+--------------+-------------+-----------------+

Nets assigned to chip global resources
+--------+---------+---------------------------------------------------------------------------------+
| Fanout | Type    | Name                                                                            |
+--------+---------+---------------------------------------------------------------------------------+
| 533    | INT_NET | Net   : JA_c[3]                                                                 |
|        |         | Driver: g_OLED_interface/SCLK_clock_divider/N_2_inferred_clock_RNIC2MR6/U0_RGB1 |
|        |         | Source: NETLIST                                                                 |
| 33     | INT_NET | Net   : NN_1                                                                    |
|        |         | Driver: I_2/U0_RGB1                                                             |
|        |         | Source: NETLIST                                                                 |
+--------+---------+---------------------------------------------------------------------------------+

Nets assigned to row global resources
+--------+------+------+
| Fanout | Type | Name |
+--------+------+------+
+--------+------+------+

High fanout nets
+--------+---------+-----------------------------------------------------------------------------------------------+
| Fanout | Type    | Name                                                                                          |
+--------+---------+-----------------------------------------------------------------------------------------------+
| 562    | INT_NET | Net   : i_Reset_c                                                                             |
|        |         | Driver: i_Reset_ibuf                                                                          |
| 415    | INT_NET | Net   : g_OLED_interface/s_state_reg_Z[0]                                                     |
|        |         | Driver: g_OLED_interface/s_state_reg[0]                                                       |
| 404    | INT_NET | Net   : g_OLED_interface/un1_s_state_reg_3_sqmuxa_0_Z                                         |
|        |         | Driver: g_OLED_interface/un1_s_state_reg_3_sqmuxa_0                                           |
| 126    | INT_NET | Net   : g_OLED_interface/s_ASCII_Z[764]                                                       |
|        |         | Driver: g_OLED_interface/s_ASCII[764]                                                         |
| 116    | INT_NET | Net   : g_OLED_interface/s_ASCII_Z[765]                                                       |
|        |         | Driver: g_OLED_interface/s_ASCII[765]                                                         |
| 96     | INT_NET | Net   : g_OLED_interface/s_ASCII_Z[762]                                                       |
|        |         | Driver: g_OLED_interface/s_ASCII[762]                                                         |
| 56     | INT_NET | Net   : g_OLED_interface/s_ASCII_Z[740]                                                       |
|        |         | Driver: g_OLED_interface/s_ASCII[740]                                                         |
| 54     | INT_NET | Net   : g_OLED_interface/s_ASCII_Z[760]                                                       |
|        |         | Driver: g_OLED_interface/s_ASCII[760]                                                         |
| 43     | INT_NET | Net   : g_OLED_interface/s_ASCII_Z[761]                                                       |
|        |         | Driver: g_OLED_interface/s_ASCII[761]                                                         |
| 35     | INT_NET | Net   : g_OLED_interface/g_Nbit_MOSI_SPI_Buffer_Combined/g_Nbit_MOSI_SPI_Buffer/s_state_reg_Z |
|        |         | Driver: g_OLED_interface/g_Nbit_MOSI_SPI_Buffer_Combined/g_Nbit_MOSI_SPI_Buffer/s_state_reg   |
+--------+---------+-----------------------------------------------------------------------------------------------+

High fanout nets (through buffer trees)
+--------+---------+-----------------------------------------------------------------------------------------------+
| Fanout | Type    | Name                                                                                          |
+--------+---------+-----------------------------------------------------------------------------------------------+
| 562    | INT_NET | Net   : i_Reset_c                                                                             |
|        |         | Driver: i_Reset_ibuf                                                                          |
| 415    | INT_NET | Net   : g_OLED_interface/s_state_reg_Z[0]                                                     |
|        |         | Driver: g_OLED_interface/s_state_reg[0]                                                       |
| 404    | INT_NET | Net   : g_OLED_interface/un1_s_state_reg_3_sqmuxa_0_Z                                         |
|        |         | Driver: g_OLED_interface/un1_s_state_reg_3_sqmuxa_0                                           |
| 126    | INT_NET | Net   : g_OLED_interface/s_ASCII_Z[764]                                                       |
|        |         | Driver: g_OLED_interface/s_ASCII[764]                                                         |
| 116    | INT_NET | Net   : g_OLED_interface/s_ASCII_Z[765]                                                       |
|        |         | Driver: g_OLED_interface/s_ASCII[765]                                                         |
| 96     | INT_NET | Net   : g_OLED_interface/s_ASCII_Z[762]                                                       |
|        |         | Driver: g_OLED_interface/s_ASCII[762]                                                         |
| 56     | INT_NET | Net   : g_OLED_interface/s_ASCII_Z[740]                                                       |
|        |         | Driver: g_OLED_interface/s_ASCII[740]                                                         |
| 54     | INT_NET | Net   : g_OLED_interface/s_ASCII_Z[760]                                                       |
|        |         | Driver: g_OLED_interface/s_ASCII[760]                                                         |
| 43     | INT_NET | Net   : g_OLED_interface/s_ASCII_Z[761]                                                       |
|        |         | Driver: g_OLED_interface/s_ASCII[761]                                                         |
| 35     | INT_NET | Net   : g_OLED_interface/g_Nbit_MOSI_SPI_Buffer_Combined/g_Nbit_MOSI_SPI_Buffer/s_state_reg_Z |
|        |         | Driver: g_OLED_interface/g_Nbit_MOSI_SPI_Buffer_Combined/g_Nbit_MOSI_SPI_Buffer/s_state_reg   |
+--------+---------+-----------------------------------------------------------------------------------------------+

